2026-06-30T11:11:08.746+03:00  INFO 4562 --- [url-shortener] [main] c.j.u.UrlShortenerApplication            : Starting UrlShortenerApplication using Java 21.0.9 with PID 4562 (/Users/george/projects/url-shortener/build/classes/java/main started by george in /Users/george/projects/url-shortener)
2026-06-30T11:11:08.751+03:00  INFO 4562 --- [url-shortener] [main] c.j.u.UrlShortenerApplication            : The following 1 profile is active: "dev"
2026-06-30T11:11:09.128+03:00  INFO 4562 --- [url-shortener] [main] .s.d.r.c.RepositoryConfigurationDelegate : Bootstrapping Spring Data JPA repositories in DEFAULT mode.
2026-06-30T11:11:09.163+03:00  INFO 4562 --- [url-shortener] [main] .s.d.r.c.RepositoryConfigurationDelegate : Finished Spring Data repository scanning in 28 ms. Found 1 JPA repository interface.
2026-06-30T11:11:09.436+03:00  INFO 4562 --- [url-shortener] [main] o.s.boot.tomcat.TomcatWebServer          : Tomcat initialized with port 8080 (http)
2026-06-30T11:11:09.448+03:00  INFO 4562 --- [url-shortener] [main] o.apache.catalina.core.StandardService   : Starting service [Tomcat]
2026-06-30T11:11:09.448+03:00  INFO 4562 --- [url-shortener] [main] o.apache.catalina.core.StandardEngine    : Starting Servlet engine: [Apache Tomcat/11.0.22]
2026-06-30T11:11:09.478+03:00  INFO 4562 --- [url-shortener] [main] b.w.c.s.WebApplicationContextInitializer : Root WebApplicationContext: initialization completed in 699 ms
2026-06-30T11:11:09.579+03:00  INFO 4562 --- [url-shortener] [main] com.zaxxer.hikari.HikariDataSource       : HikariPool-1 - Starting...
2026-06-30T11:11:09.730+03:00  INFO 4562 --- [url-shortener] [main] com.zaxxer.hikari.pool.HikariPool        : HikariPool-1 - Added connection com.mysql.cj.jdbc.ConnectionImpl@6d0290d8
2026-06-30T11:11:09.731+03:00  INFO 4562 --- [url-shortener] [main] com.zaxxer.hikari.HikariDataSource       : HikariPool-1 - Start completed.
2026-06-30T11:11:09.751+03:00  INFO 4562 --- [url-shortener] [main] org.hibernate.orm.jpa                    : HHH008540: Processing PersistenceUnitInfo [name: default]
2026-06-30T11:11:09.789+03:00  INFO 4562 --- [url-shortener] [main] org.hibernate.orm.core                   : HHH000001: Hibernate ORM core version 7.4.1.Final
2026-06-30T11:11:10.033+03:00  INFO 4562 --- [url-shortener] [main] o.s.o.j.p.SpringPersistenceUnitInfo      : No LoadTimeWeaver setup: ignoring JPA class transformer
2026-06-30T11:11:10.109+03:00  INFO 4562 --- [url-shortener] [main] org.hibernate.orm.connections.pooling    : HHH10001005: Database info:
	Database JDBC URL [jdbc:mysql://localhost:3306/url_shortener?generateSimpleParameterMetadata=true&zeroDateTimeBehavior=convertToNull&verifyServerCertificate=false&allowPublicKeyRetrieval=true&useSSL=false]
	Database driver: MySQL Connector/J
	Database dialect: MySQLDialect
	Database version: 9.5
	Default catalog/schema: url_shortener/undefined
	Autocommit mode: undefined/unknown
	Isolation level: REPEATABLE_READ [default REPEATABLE_READ]
	JDBC fetch size: none
	Pool: DataSourceConnectionProvider
	Minimum pool size: undefined/unknown
	Maximum pool size: undefined/unknown
2026-06-30T11:11:10.499+03:00  INFO 4562 --- [url-shortener] [main] org.hibernate.orm.core                   : HHH000182: No default (no-argument) constructor for class [com.jijo.url_shortener.domain.entity.UrlShortener] (class must be instantiated by Interceptor)
2026-06-30T11:11:10.604+03:00  INFO 4562 --- [url-shortener] [main] org.hibernate.orm.core                   : HHH000489: No JTA platform available (set 'hibernate.transaction.jta.platform' to enable JTA platform integration)
2026-06-30T11:11:10.608+03:00  INFO 4562 --- [url-shortener] [main] j.LocalContainerEntityManagerFactoryBean : Initialized JPA EntityManagerFactory for persistence unit 'default'
2026-06-30T11:11:10.651+03:00  INFO 4562 --- [url-shortener] [main] o.s.d.j.r.query.QueryEnhancerFactories   : Hibernate is in classpath; If applicable, HQL parser will be used.
2026-06-30T11:11:10.763+03:00  WARN 4562 --- [url-shortener] [main] JpaBaseConfiguration$JpaWebConfiguration : spring.jpa.open-in-view is enabled by default. Therefore, database queries may be performed during view rendering. Explicitly configure spring.jpa.open-in-view to disable this warning
2026-06-30T11:11:10.954+03:00  INFO 4562 --- [url-shortener] [main] o.s.boot.tomcat.TomcatWebServer          : Tomcat started on port 8080 (http) with context path '/'
2026-06-30T11:11:10.958+03:00  INFO 4562 --- [url-shortener] [main] c.j.u.UrlShortenerApplication            : Started UrlShortenerApplication in 2.542 seconds (process running for 2.8)
2026-06-30T11:13:25.734+03:00  INFO 4562 --- [url-shortener] [http-nio-8080-exec-2] o.a.c.c.C.[Tomcat].[localhost].[/]       : Initializing Spring DispatcherServlet 'dispatcherServlet'
2026-06-30T11:13:25.734+03:00  INFO 4562 --- [url-shortener] [http-nio-8080-exec-2] o.s.web.servlet.DispatcherServlet        : Initializing Servlet 'dispatcherServlet'
2026-06-30T11:13:25.735+03:00  INFO 4562 --- [url-shortener] [http-nio-8080-exec-2] o.s.web.servlet.DispatcherServlet        : Completed initialization in 1 ms
2026-06-30T11:13:26.461+03:00  WARN 4562 --- [url-shortener] [http-nio-8080-exec-2] org.hibernate.orm.jdbc.error             : HHH000247: ErrorCode: 1146, SQLState: 42S02
2026-06-30T11:13:26.461+03:00  WARN 4562 --- [url-shortener] [http-nio-8080-exec-2] org.hibernate.orm.jdbc.error             : Table 'url_shortener.url_shortener' doesn't exist
2026-06-30T11:13:43.547+03:00  INFO 4562 --- [url-shortener] [SpringApplicationShutdownHook] o.s.boot.tomcat.GracefulShutdown         : Commencing graceful shutdown. Waiting for active requests to complete
2026-06-30T11:13:43.553+03:00  INFO 4562 --- [url-shortener] [tomcat-shutdown] o.s.boot.tomcat.GracefulShutdown         : Graceful shutdown complete
2026-06-30T11:13:43.556+03:00  INFO 4562 --- [url-shortener] [SpringApplicationShutdownHook] j.LocalContainerEntityManagerFactoryBean : Closing JPA EntityManagerFactory for persistence unit 'default'
2026-06-30T11:13:43.558+03:00  INFO 4562 --- [url-shortener] [SpringApplicationShutdownHook] com.zaxxer.hikari.HikariDataSource       : HikariPool-1 - Shutdown initiated...
2026-06-30T11:13:43.560+03:00  INFO 4562 --- [url-shortener] [SpringApplicationShutdownHook] com.zaxxer.hikari.HikariDataSource       : HikariPool-1 - Shutdown completed.
2026-06-30T11:15:07.493+03:00  INFO 4649 --- [url-shortener] [main] c.j.u.UrlShortenerApplication            : Starting UrlShortenerApplication using Java 21.0.9 with PID 4649 (/Users/george/projects/url-shortener/build/classes/java/main started by george in /Users/george/projects/url-shortener)
2026-06-30T11:15:07.495+03:00  INFO 4649 --- [url-shortener] [main] c.j.u.UrlShortenerApplication            : The following 1 profile is active: "dev"
2026-06-30T11:15:07.842+03:00  INFO 4649 --- [url-shortener] [main] .s.d.r.c.RepositoryConfigurationDelegate : Bootstrapping Spring Data JPA repositories in DEFAULT mode.
2026-06-30T11:15:07.875+03:00  INFO 4649 --- [url-shortener] [main] .s.d.r.c.RepositoryConfigurationDelegate : Finished Spring Data repository scanning in 27 ms. Found 1 JPA repository interface.
2026-06-30T11:15:08.131+03:00  INFO 4649 --- [url-shortener] [main] o.s.boot.tomcat.TomcatWebServer          : Tomcat initialized with port 8080 (http)
2026-06-30T11:15:08.142+03:00  INFO 4649 --- [url-shortener] [main] o.apache.catalina.core.StandardService   : Starting service [Tomcat]
2026-06-30T11:15:08.142+03:00  INFO 4649 --- [url-shortener] [main] o.apache.catalina.core.StandardEngine    : Starting Servlet engine: [Apache Tomcat/11.0.22]
2026-06-30T11:15:08.170+03:00  INFO 4649 --- [url-shortener] [main] b.w.c.s.WebApplicationContextInitializer : Root WebApplicationContext: initialization completed in 650 ms
2026-06-30T11:15:08.275+03:00  INFO 4649 --- [url-shortener] [main] org.hibernate.orm.jpa                    : HHH008540: Processing PersistenceUnitInfo [name: default]
2026-06-30T11:15:08.303+03:00  INFO 4649 --- [url-shortener] [main] org.hibernate.orm.core                   : HHH000001: Hibernate ORM core version 7.4.1.Final
2026-06-30T11:15:08.527+03:00  INFO 4649 --- [url-shortener] [main] o.s.o.j.p.SpringPersistenceUnitInfo      : No LoadTimeWeaver setup: ignoring JPA class transformer
2026-06-30T11:15:08.544+03:00  INFO 4649 --- [url-shortener] [main] com.zaxxer.hikari.HikariDataSource       : HikariPool-1 - Starting...
2026-06-30T11:15:08.646+03:00  INFO 4649 --- [url-shortener] [main] com.zaxxer.hikari.pool.HikariPool        : HikariPool-1 - Added connection com.mysql.cj.jdbc.ConnectionImpl@b339a08
2026-06-30T11:15:08.647+03:00  INFO 4649 --- [url-shortener] [main] com.zaxxer.hikari.HikariDataSource       : HikariPool-1 - Start completed.
2026-06-30T11:15:08.693+03:00  INFO 4649 --- [url-shortener] [main] org.hibernate.orm.connections.pooling    : HHH10001005: Database info:
	Database JDBC URL [jdbc:mysql://localhost:3306/url_shortener?generateSimpleParameterMetadata=true&zeroDateTimeBehavior=convertToNull&verifyServerCertificate=false&allowPublicKeyRetrieval=true&useSSL=false]
	Database driver: MySQL Connector/J
	Database dialect: MySQLDialect
	Database version: 9.5
	Default catalog/schema: url_shortener/undefined
	Autocommit mode: undefined/unknown
	Isolation level: REPEATABLE_READ [default REPEATABLE_READ]
	JDBC fetch size: none
	Pool: DataSourceConnectionProvider
	Minimum pool size: undefined/unknown
	Maximum pool size: undefined/unknown
2026-06-30T11:15:09.043+03:00  INFO 4649 --- [url-shortener] [main] org.hibernate.orm.core                   : HHH000182: No default (no-argument) constructor for class [com.jijo.url_shortener.domain.entity.UrlShortener] (class must be instantiated by Interceptor)
2026-06-30T11:15:09.149+03:00  INFO 4649 --- [url-shortener] [main] org.hibernate.orm.core                   : HHH000489: No JTA platform available (set 'hibernate.transaction.jta.platform' to enable JTA platform integration)
2026-06-30T11:15:09.609+03:00  INFO 4649 --- [url-shortener] [main] j.LocalContainerEntityManagerFactoryBean : Initialized JPA EntityManagerFactory for persistence unit 'default'
2026-06-30T11:15:09.649+03:00  INFO 4649 --- [url-shortener] [main] o.s.d.j.r.query.QueryEnhancerFactories   : Hibernate is in classpath; If applicable, HQL parser will be used.
2026-06-30T11:15:09.751+03:00  WARN 4649 --- [url-shortener] [main] JpaBaseConfiguration$JpaWebConfiguration : spring.jpa.open-in-view is enabled by default. Therefore, database queries may be performed during view rendering. Explicitly configure spring.jpa.open-in-view to disable this warning
2026-06-30T11:15:09.930+03:00  INFO 4649 --- [url-shortener] [main] o.s.boot.tomcat.TomcatWebServer          : Tomcat started on port 8080 (http) with context path '/'
2026-06-30T11:15:09.934+03:00  INFO 4649 --- [url-shortener] [main] c.j.u.UrlShortenerApplication            : Started UrlShortenerApplication in 2.761 seconds (process running for 2.985)
2026-06-30T11:15:27.514+03:00  INFO 4649 --- [url-shortener] [http-nio-8080-exec-2] o.a.c.c.C.[Tomcat].[localhost].[/]       : Initializing Spring DispatcherServlet 'dispatcherServlet'
2026-06-30T11:15:27.515+03:00  INFO 4649 --- [url-shortener] [http-nio-8080-exec-2] o.s.web.servlet.DispatcherServlet        : Initializing Servlet 'dispatcherServlet'
2026-06-30T11:15:27.516+03:00  INFO 4649 --- [url-shortener] [http-nio-8080-exec-2] o.s.web.servlet.DispatcherServlet        : Completed initialization in 1 ms
2026-06-30T11:15:37.231+03:00  INFO 4649 --- [url-shortener] [SpringApplicationShutdownHook] o.s.boot.tomcat.GracefulShutdown         : Commencing graceful shutdown. Waiting for active requests to complete
2026-06-30T11:15:37.238+03:00  INFO 4649 --- [url-shortener] [tomcat-shutdown] o.s.boot.tomcat.GracefulShutdown         : Graceful shutdown complete
2026-06-30T11:15:37.241+03:00  INFO 4649 --- [url-shortener] [SpringApplicationShutdownHook] j.LocalContainerEntityManagerFactoryBean : Closing JPA EntityManagerFactory for persistence unit 'default'
2026-06-30T11:15:37.242+03:00  INFO 4649 --- [url-shortener] [SpringApplicationShutdownHook] com.zaxxer.hikari.HikariDataSource       : HikariPool-1 - Shutdown initiated...
2026-06-30T11:15:37.246+03:00  INFO 4649 --- [url-shortener] [SpringApplicationShutdownHook] com.zaxxer.hikari.HikariDataSource       : HikariPool-1 - Shutdown completed.
2026-06-30T12:01:07.519+03:00  INFO 5089 --- [url-shortener] [main] c.j.u.UrlShortenerApplication            : Starting UrlShortenerApplication using Java 21.0.9 with PID 5089 (/Users/george/projects/url-shortener/build/classes/java/main started by george in /Users/george/projects/url-shortener)
2026-06-30T12:01:07.521+03:00  INFO 5089 --- [url-shortener] [main] c.j.u.UrlShortenerApplication            : The following 1 profile is active: "dev"
2026-06-30T12:01:07.867+03:00  INFO 5089 --- [url-shortener] [main] .s.d.r.c.RepositoryConfigurationDelegate : Bootstrapping Spring Data JPA repositories in DEFAULT mode.
2026-06-30T12:01:07.899+03:00  INFO 5089 --- [url-shortener] [main] .s.d.r.c.RepositoryConfigurationDelegate : Finished Spring Data repository scanning in 26 ms. Found 1 JPA repository interface.
2026-06-30T12:01:08.150+03:00  INFO 5089 --- [url-shortener] [main] o.s.boot.tomcat.TomcatWebServer          : Tomcat initialized with port 8080 (http)
2026-06-30T12:01:08.160+03:00  INFO 5089 --- [url-shortener] [main] o.apache.catalina.core.StandardService   : Starting service [Tomcat]
2026-06-30T12:01:08.161+03:00  INFO 5089 --- [url-shortener] [main] o.apache.catalina.core.StandardEngine    : Starting Servlet engine: [Apache Tomcat/11.0.22]
2026-06-30T12:01:08.189+03:00  INFO 5089 --- [url-shortener] [main] b.w.c.s.WebApplicationContextInitializer : Root WebApplicationContext: initialization completed in 643 ms
2026-06-30T12:01:08.302+03:00  INFO 5089 --- [url-shortener] [main] org.hibernate.orm.jpa                    : HHH008540: Processing PersistenceUnitInfo [name: default]
2026-06-30T12:01:08.333+03:00  INFO 5089 --- [url-shortener] [main] org.hibernate.orm.core                   : HHH000001: Hibernate ORM core version 7.4.1.Final
2026-06-30T12:01:08.562+03:00  INFO 5089 --- [url-shortener] [main] o.s.o.j.p.SpringPersistenceUnitInfo      : No LoadTimeWeaver setup: ignoring JPA class transformer
2026-06-30T12:01:08.580+03:00  INFO 5089 --- [url-shortener] [main] com.zaxxer.hikari.HikariDataSource       : HikariPool-1 - Starting...
2026-06-30T12:01:08.680+03:00  INFO 5089 --- [url-shortener] [main] com.zaxxer.hikari.pool.HikariPool        : HikariPool-1 - Added connection com.mysql.cj.jdbc.ConnectionImpl@b339a08
2026-06-30T12:01:08.681+03:00  INFO 5089 --- [url-shortener] [main] com.zaxxer.hikari.HikariDataSource       : HikariPool-1 - Start completed.
2026-06-30T12:01:08.733+03:00  INFO 5089 --- [url-shortener] [main] org.hibernate.orm.connections.pooling    : HHH10001005: Database info:
	Database JDBC URL [jdbc:mysql://localhost:3306/url_shortener?generateSimpleParameterMetadata=true&zeroDateTimeBehavior=convertToNull&verifyServerCertificate=false&allowPublicKeyRetrieval=true&useSSL=false]
	Database driver: MySQL Connector/J
	Database dialect: MySQLDialect
	Database version: 9.5
	Default catalog/schema: url_shortener/undefined
	Autocommit mode: undefined/unknown
	Isolation level: REPEATABLE_READ [default REPEATABLE_READ]
	JDBC fetch size: none
	Pool: DataSourceConnectionProvider
	Minimum pool size: undefined/unknown
	Maximum pool size: undefined/unknown
2026-06-30T12:01:09.219+03:00  INFO 5089 --- [url-shortener] [main] org.hibernate.orm.core                   : HHH000489: No JTA platform available (set 'hibernate.transaction.jta.platform' to enable JTA platform integration)
2026-06-30T12:01:09.690+03:00  INFO 5089 --- [url-shortener] [main] j.LocalContainerEntityManagerFactoryBean : Initialized JPA EntityManagerFactory for persistence unit 'default'
2026-06-30T12:01:09.731+03:00  INFO 5089 --- [url-shortener] [main] o.s.d.j.r.query.QueryEnhancerFactories   : Hibernate is in classpath; If applicable, HQL parser will be used.
2026-06-30T12:01:09.840+03:00  WARN 5089 --- [url-shortener] [main] JpaBaseConfiguration$JpaWebConfiguration : spring.jpa.open-in-view is enabled by default. Therefore, database queries may be performed during view rendering. Explicitly configure spring.jpa.open-in-view to disable this warning
2026-06-30T12:01:10.021+03:00  INFO 5089 --- [url-shortener] [main] o.s.boot.tomcat.TomcatWebServer          : Tomcat started on port 8080 (http) with context path '/'
2026-06-30T12:01:10.025+03:00  INFO 5089 --- [url-shortener] [main] c.j.u.UrlShortenerApplication            : Started UrlShortenerApplication in 2.826 seconds (process running for 3.054)
2026-06-30T12:01:36.866+03:00  INFO 5089 --- [url-shortener] [http-nio-8080-exec-1] o.a.c.c.C.[Tomcat].[localhost].[/]       : Initializing Spring DispatcherServlet 'dispatcherServlet'
2026-06-30T12:01:36.867+03:00  INFO 5089 --- [url-shortener] [http-nio-8080-exec-1] o.s.web.servlet.DispatcherServlet        : Initializing Servlet 'dispatcherServlet'
2026-06-30T12:01:36.868+03:00  INFO 5089 --- [url-shortener] [http-nio-8080-exec-1] o.s.web.servlet.DispatcherServlet        : Completed initialization in 1 ms
2026-06-30T12:01:48.067+03:00  INFO 5089 --- [url-shortener] [SpringApplicationShutdownHook] o.s.boot.tomcat.GracefulShutdown         : Commencing graceful shutdown. Waiting for active requests to complete
2026-06-30T12:01:48.073+03:00  INFO 5089 --- [url-shortener] [tomcat-shutdown] o.s.boot.tomcat.GracefulShutdown         : Graceful shutdown complete
2026-06-30T12:01:48.076+03:00  INFO 5089 --- [url-shortener] [SpringApplicationShutdownHook] j.LocalContainerEntityManagerFactoryBean : Closing JPA EntityManagerFactory for persistence unit 'default'
2026-06-30T12:01:48.079+03:00  INFO 5089 --- [url-shortener] [SpringApplicationShutdownHook] com.zaxxer.hikari.HikariDataSource       : HikariPool-1 - Shutdown initiated...
2026-06-30T12:01:48.083+03:00  INFO 5089 --- [url-shortener] [SpringApplicationShutdownHook] com.zaxxer.hikari.HikariDataSource       : HikariPool-1 - Shutdown completed.
2026-06-30T13:12:31.610+03:00  INFO 5518 --- [url-shortener] [main] c.j.u.UrlShortenerApplication            : Starting UrlShortenerApplication using Java 21.0.9 with PID 5518 (/Users/george/projects/url-shortener/build/classes/java/main started by george in /Users/george/projects/url-shortener)
2026-06-30T13:12:31.612+03:00  INFO 5518 --- [url-shortener] [main] c.j.u.UrlShortenerApplication            : The following 1 profile is active: "dev"
2026-06-30T13:12:31.965+03:00  INFO 5518 --- [url-shortener] [main] .s.d.r.c.RepositoryConfigurationDelegate : Bootstrapping Spring Data JPA repositories in DEFAULT mode.
2026-06-30T13:12:31.995+03:00  INFO 5518 --- [url-shortener] [main] .s.d.r.c.RepositoryConfigurationDelegate : Finished Spring Data repository scanning in 25 ms. Found 1 JPA repository interface.
2026-06-30T13:12:32.251+03:00  INFO 5518 --- [url-shortener] [main] o.s.boot.tomcat.TomcatWebServer          : Tomcat initialized with port 8080 (http)
2026-06-30T13:12:32.261+03:00  INFO 5518 --- [url-shortener] [main] o.apache.catalina.core.StandardService   : Starting service [Tomcat]
2026-06-30T13:12:32.261+03:00  INFO 5518 --- [url-shortener] [main] o.apache.catalina.core.StandardEngine    : Starting Servlet engine: [Apache Tomcat/11.0.22]
2026-06-30T13:12:32.289+03:00  INFO 5518 --- [url-shortener] [main] b.w.c.s.WebApplicationContextInitializer : Root WebApplicationContext: initialization completed in 649 ms
2026-06-30T13:12:32.396+03:00  INFO 5518 --- [url-shortener] [main] org.hibernate.orm.jpa                    : HHH008540: Processing PersistenceUnitInfo [name: default]
2026-06-30T13:12:32.427+03:00  INFO 5518 --- [url-shortener] [main] org.hibernate.orm.core                   : HHH000001: Hibernate ORM core version 7.4.1.Final
2026-06-30T13:12:32.662+03:00  INFO 5518 --- [url-shortener] [main] o.s.o.j.p.SpringPersistenceUnitInfo      : No LoadTimeWeaver setup: ignoring JPA class transformer
2026-06-30T13:12:32.679+03:00  INFO 5518 --- [url-shortener] [main] com.zaxxer.hikari.HikariDataSource       : HikariPool-1 - Starting...
2026-06-30T13:12:32.779+03:00  INFO 5518 --- [url-shortener] [main] com.zaxxer.hikari.pool.HikariPool        : HikariPool-1 - Added connection com.mysql.cj.jdbc.ConnectionImpl@6da646b8
2026-06-30T13:12:32.780+03:00  INFO 5518 --- [url-shortener] [main] com.zaxxer.hikari.HikariDataSource       : HikariPool-1 - Start completed.
2026-06-30T13:12:32.832+03:00  INFO 5518 --- [url-shortener] [main] org.hibernate.orm.connections.pooling    : HHH10001005: Database info:
	Database JDBC URL [jdbc:mysql://localhost:3306/url_shortener?generateSimpleParameterMetadata=true&zeroDateTimeBehavior=convertToNull&verifyServerCertificate=false&allowPublicKeyRetrieval=true&useSSL=false]
	Database driver: MySQL Connector/J
	Database dialect: MySQLDialect
	Database version: 9.5
	Default catalog/schema: url_shortener/undefined
	Autocommit mode: undefined/unknown
	Isolation level: REPEATABLE_READ [default REPEATABLE_READ]
	JDBC fetch size: none
	Pool: DataSourceConnectionProvider
	Minimum pool size: undefined/unknown
	Maximum pool size: undefined/unknown
2026-06-30T13:12:33.304+03:00  INFO 5518 --- [url-shortener] [main] org.hibernate.orm.core                   : HHH000489: No JTA platform available (set 'hibernate.transaction.jta.platform' to enable JTA platform integration)
2026-06-30T13:12:33.341+03:00  INFO 5518 --- [url-shortener] [main] j.LocalContainerEntityManagerFactoryBean : Initialized JPA EntityManagerFactory for persistence unit 'default'
2026-06-30T13:12:33.384+03:00  INFO 5518 --- [url-shortener] [main] o.s.d.j.r.query.QueryEnhancerFactories   : Hibernate is in classpath; If applicable, HQL parser will be used.
2026-06-30T13:12:33.498+03:00  WARN 5518 --- [url-shortener] [main] JpaBaseConfiguration$JpaWebConfiguration : spring.jpa.open-in-view is enabled by default. Therefore, database queries may be performed during view rendering. Explicitly configure spring.jpa.open-in-view to disable this warning
2026-06-30T13:12:33.685+03:00  INFO 5518 --- [url-shortener] [main] o.s.boot.tomcat.TomcatWebServer          : Tomcat started on port 8080 (http) with context path '/'
2026-06-30T13:12:33.689+03:00  INFO 5518 --- [url-shortener] [main] c.j.u.UrlShortenerApplication            : Started UrlShortenerApplication in 2.402 seconds (process running for 2.64)
2026-06-30T13:12:38.235+03:00  INFO 5518 --- [url-shortener] [http-nio-8080-exec-2] o.a.c.c.C.[Tomcat].[localhost].[/]       : Initializing Spring DispatcherServlet 'dispatcherServlet'
2026-06-30T13:12:38.235+03:00  INFO 5518 --- [url-shortener] [http-nio-8080-exec-2] o.s.web.servlet.DispatcherServlet        : Initializing Servlet 'dispatcherServlet'
2026-06-30T13:12:38.237+03:00  INFO 5518 --- [url-shortener] [http-nio-8080-exec-2] o.s.web.servlet.DispatcherServlet        : Completed initialization in 2 ms
2026-06-30T13:12:53.755+03:00  WARN 5518 --- [url-shortener] [http-nio-8080-exec-4] org.hibernate.orm.jdbc.error             : HHH000247: ErrorCode: 1364, SQLState: HY000
2026-06-30T13:12:53.755+03:00  WARN 5518 --- [url-shortener] [http-nio-8080-exec-4] org.hibernate.orm.jdbc.error             : Field 'short_code' doesn't have a default value
2026-06-30T13:13:04.679+03:00  INFO 5518 --- [url-shortener] [SpringApplicationShutdownHook] o.s.boot.tomcat.GracefulShutdown         : Commencing graceful shutdown. Waiting for active requests to complete
2026-06-30T13:13:04.686+03:00  INFO 5518 --- [url-shortener] [tomcat-shutdown] o.s.boot.tomcat.GracefulShutdown         : Graceful shutdown complete
2026-06-30T13:13:04.689+03:00  INFO 5518 --- [url-shortener] [SpringApplicationShutdownHook] j.LocalContainerEntityManagerFactoryBean : Closing JPA EntityManagerFactory for persistence unit 'default'
2026-06-30T13:13:04.690+03:00  INFO 5518 --- [url-shortener] [SpringApplicationShutdownHook] com.zaxxer.hikari.HikariDataSource       : HikariPool-1 - Shutdown initiated...
2026-06-30T13:13:04.695+03:00  INFO 5518 --- [url-shortener] [SpringApplicationShutdownHook] com.zaxxer.hikari.HikariDataSource       : HikariPool-1 - Shutdown completed.
2026-06-30T13:14:06.402+03:00  INFO 5556 --- [url-shortener] [main] c.j.u.UrlShortenerApplication            : Starting UrlShortenerApplication using Java 21.0.9 with PID 5556 (/Users/george/projects/url-shortener/build/classes/java/main started by george in /Users/george/projects/url-shortener)
2026-06-30T13:14:06.404+03:00  INFO 5556 --- [url-shortener] [main] c.j.u.UrlShortenerApplication            : The following 1 profile is active: "dev"
2026-06-30T13:14:06.752+03:00  INFO 5556 --- [url-shortener] [main] .s.d.r.c.RepositoryConfigurationDelegate : Bootstrapping Spring Data JPA repositories in DEFAULT mode.
2026-06-30T13:14:06.784+03:00  INFO 5556 --- [url-shortener] [main] .s.d.r.c.RepositoryConfigurationDelegate : Finished Spring Data repository scanning in 26 ms. Found 1 JPA repository interface.
2026-06-30T13:14:07.034+03:00  INFO 5556 --- [url-shortener] [main] o.s.boot.tomcat.TomcatWebServer          : Tomcat initialized with port 8080 (http)
2026-06-30T13:14:07.044+03:00  INFO 5556 --- [url-shortener] [main] o.apache.catalina.core.StandardService   : Starting service [Tomcat]
2026-06-30T13:14:07.044+03:00  INFO 5556 --- [url-shortener] [main] o.apache.catalina.core.StandardEngine    : Starting Servlet engine: [Apache Tomcat/11.0.22]
2026-06-30T13:14:07.072+03:00  INFO 5556 --- [url-shortener] [main] b.w.c.s.WebApplicationContextInitializer : Root WebApplicationContext: initialization completed in 642 ms
2026-06-30T13:14:07.174+03:00  INFO 5556 --- [url-shortener] [main] org.hibernate.orm.jpa                    : HHH008540: Processing PersistenceUnitInfo [name: default]
2026-06-30T13:14:07.203+03:00  INFO 5556 --- [url-shortener] [main] org.hibernate.orm.core                   : HHH000001: Hibernate ORM core version 7.4.1.Final
2026-06-30T13:14:07.432+03:00  INFO 5556 --- [url-shortener] [main] o.s.o.j.p.SpringPersistenceUnitInfo      : No LoadTimeWeaver setup: ignoring JPA class transformer
2026-06-30T13:14:07.451+03:00  INFO 5556 --- [url-shortener] [main] com.zaxxer.hikari.HikariDataSource       : HikariPool-1 - Starting...
2026-06-30T13:14:07.556+03:00  INFO 5556 --- [url-shortener] [main] com.zaxxer.hikari.pool.HikariPool        : HikariPool-1 - Added connection com.mysql.cj.jdbc.ConnectionImpl@fb5d334
2026-06-30T13:14:07.557+03:00  INFO 5556 --- [url-shortener] [main] com.zaxxer.hikari.HikariDataSource       : HikariPool-1 - Start completed.
2026-06-30T13:14:07.609+03:00  INFO 5556 --- [url-shortener] [main] org.hibernate.orm.connections.pooling    : HHH10001005: Database info:
	Database JDBC URL [jdbc:mysql://localhost:3306/url_shortener?generateSimpleParameterMetadata=true&zeroDateTimeBehavior=convertToNull&verifyServerCertificate=false&allowPublicKeyRetrieval=true&useSSL=false]
	Database driver: MySQL Connector/J
	Database dialect: MySQLDialect
	Database version: 9.5
	Default catalog/schema: url_shortener/undefined
	Autocommit mode: undefined/unknown
	Isolation level: REPEATABLE_READ [default REPEATABLE_READ]
	JDBC fetch size: none
	Pool: DataSourceConnectionProvider
	Minimum pool size: undefined/unknown
	Maximum pool size: undefined/unknown
2026-06-30T13:14:08.095+03:00  INFO 5556 --- [url-shortener] [main] org.hibernate.orm.core                   : HHH000489: No JTA platform available (set 'hibernate.transaction.jta.platform' to enable JTA platform integration)
2026-06-30T13:14:08.527+03:00  INFO 5556 --- [url-shortener] [main] j.LocalContainerEntityManagerFactoryBean : Initialized JPA EntityManagerFactory for persistence unit 'default'
2026-06-30T13:14:08.572+03:00  INFO 5556 --- [url-shortener] [main] o.s.d.j.r.query.QueryEnhancerFactories   : Hibernate is in classpath; If applicable, HQL parser will be used.
2026-06-30T13:14:08.689+03:00  WARN 5556 --- [url-shortener] [main] JpaBaseConfiguration$JpaWebConfiguration : spring.jpa.open-in-view is enabled by default. Therefore, database queries may be performed during view rendering. Explicitly configure spring.jpa.open-in-view to disable this warning
2026-06-30T13:14:08.871+03:00  INFO 5556 --- [url-shortener] [main] o.s.boot.tomcat.TomcatWebServer          : Tomcat started on port 8080 (http) with context path '/'
2026-06-30T13:14:08.875+03:00  INFO 5556 --- [url-shortener] [main] c.j.u.UrlShortenerApplication            : Started UrlShortenerApplication in 2.79 seconds (process running for 3.013)
2026-06-30T13:14:14.648+03:00  INFO 5556 --- [url-shortener] [http-nio-8080-exec-1] o.a.c.c.C.[Tomcat].[localhost].[/]       : Initializing Spring DispatcherServlet 'dispatcherServlet'
2026-06-30T13:14:14.648+03:00  INFO 5556 --- [url-shortener] [http-nio-8080-exec-1] o.s.web.servlet.DispatcherServlet        : Initializing Servlet 'dispatcherServlet'
2026-06-30T13:14:14.649+03:00  INFO 5556 --- [url-shortener] [http-nio-8080-exec-1] o.s.web.servlet.DispatcherServlet        : Completed initialization in 1 ms
2026-06-30T13:14:47.420+03:00  INFO 5556 --- [url-shortener] [SpringApplicationShutdownHook] o.s.boot.tomcat.GracefulShutdown         : Commencing graceful shutdown. Waiting for active requests to complete
2026-06-30T13:14:47.426+03:00  INFO 5556 --- [url-shortener] [tomcat-shutdown] o.s.boot.tomcat.GracefulShutdown         : Graceful shutdown complete
2026-06-30T13:14:47.429+03:00  INFO 5556 --- [url-shortener] [SpringApplicationShutdownHook] j.LocalContainerEntityManagerFactoryBean : Closing JPA EntityManagerFactory for persistence unit 'default'
2026-06-30T13:14:47.430+03:00  INFO 5556 --- [url-shortener] [SpringApplicationShutdownHook] com.zaxxer.hikari.HikariDataSource       : HikariPool-1 - Shutdown initiated...
2026-06-30T13:14:47.434+03:00  INFO 5556 --- [url-shortener] [SpringApplicationShutdownHook] com.zaxxer.hikari.HikariDataSource       : HikariPool-1 - Shutdown completed.
2026-06-30T13:14:48.341+03:00  INFO 5566 --- [url-shortener] [main] c.j.u.UrlShortenerApplication            : Starting UrlShortenerApplication using Java 21.0.9 with PID 5566 (/Users/george/projects/url-shortener/build/classes/java/main started by george in /Users/george/projects/url-shortener)
2026-06-30T13:14:48.343+03:00  INFO 5566 --- [url-shortener] [main] c.j.u.UrlShortenerApplication            : The following 1 profile is active: "dev"
2026-06-30T13:14:48.723+03:00  INFO 5566 --- [url-shortener] [main] .s.d.r.c.RepositoryConfigurationDelegate : Bootstrapping Spring Data JPA repositories in DEFAULT mode.
2026-06-30T13:14:48.754+03:00  INFO 5566 --- [url-shortener] [main] .s.d.r.c.RepositoryConfigurationDelegate : Finished Spring Data repository scanning in 25 ms. Found 1 JPA repository interface.
2026-06-30T13:14:49.001+03:00  INFO 5566 --- [url-shortener] [main] o.s.boot.tomcat.TomcatWebServer          : Tomcat initialized with port 8080 (http)
2026-06-30T13:14:49.011+03:00  INFO 5566 --- [url-shortener] [main] o.apache.catalina.core.StandardService   : Starting service [Tomcat]
2026-06-30T13:14:49.011+03:00  INFO 5566 --- [url-shortener] [main] o.apache.catalina.core.StandardEngine    : Starting Servlet engine: [Apache Tomcat/11.0.22]
2026-06-30T13:14:49.040+03:00  INFO 5566 --- [url-shortener] [main] b.w.c.s.WebApplicationContextInitializer : Root WebApplicationContext: initialization completed in 666 ms
2026-06-30T13:14:49.144+03:00  INFO 5566 --- [url-shortener] [main] org.hibernate.orm.jpa                    : HHH008540: Processing PersistenceUnitInfo [name: default]
2026-06-30T13:14:49.173+03:00  INFO 5566 --- [url-shortener] [main] org.hibernate.orm.core                   : HHH000001: Hibernate ORM core version 7.4.1.Final
2026-06-30T13:14:49.398+03:00  INFO 5566 --- [url-shortener] [main] o.s.o.j.p.SpringPersistenceUnitInfo      : No LoadTimeWeaver setup: ignoring JPA class transformer
2026-06-30T13:14:49.415+03:00  INFO 5566 --- [url-shortener] [main] com.zaxxer.hikari.HikariDataSource       : HikariPool-1 - Starting...
2026-06-30T13:14:49.515+03:00  INFO 5566 --- [url-shortener] [main] com.zaxxer.hikari.pool.HikariPool        : HikariPool-1 - Added connection com.mysql.cj.jdbc.ConnectionImpl@6da646b8
2026-06-30T13:14:49.516+03:00  INFO 5566 --- [url-shortener] [main] com.zaxxer.hikari.HikariDataSource       : HikariPool-1 - Start completed.
2026-06-30T13:14:49.566+03:00  INFO 5566 --- [url-shortener] [main] org.hibernate.orm.connections.pooling    : HHH10001005: Database info:
	Database JDBC URL [jdbc:mysql://localhost:3306/url_shortener?generateSimpleParameterMetadata=true&zeroDateTimeBehavior=convertToNull&verifyServerCertificate=false&allowPublicKeyRetrieval=true&useSSL=false]
	Database driver: MySQL Connector/J
	Database dialect: MySQLDialect
	Database version: 9.5
	Default catalog/schema: url_shortener/undefined
	Autocommit mode: undefined/unknown
	Isolation level: REPEATABLE_READ [default REPEATABLE_READ]
	JDBC fetch size: none
	Pool: DataSourceConnectionProvider
	Minimum pool size: undefined/unknown
	Maximum pool size: undefined/unknown
2026-06-30T13:14:50.056+03:00  INFO 5566 --- [url-shortener] [main] org.hibernate.orm.core                   : HHH000489: No JTA platform available (set 'hibernate.transaction.jta.platform' to enable JTA platform integration)
2026-06-30T13:14:50.092+03:00  INFO 5566 --- [url-shortener] [main] j.LocalContainerEntityManagerFactoryBean : Initialized JPA EntityManagerFactory for persistence unit 'default'
2026-06-30T13:14:50.139+03:00  INFO 5566 --- [url-shortener] [main] o.s.d.j.r.query.QueryEnhancerFactories   : Hibernate is in classpath; If applicable, HQL parser will be used.
2026-06-30T13:14:50.253+03:00  WARN 5566 --- [url-shortener] [main] JpaBaseConfiguration$JpaWebConfiguration : spring.jpa.open-in-view is enabled by default. Therefore, database queries may be performed during view rendering. Explicitly configure spring.jpa.open-in-view to disable this warning
2026-06-30T13:14:50.438+03:00  INFO 5566 --- [url-shortener] [main] o.s.boot.tomcat.TomcatWebServer          : Tomcat started on port 8080 (http) with context path '/'
2026-06-30T13:14:50.443+03:00  INFO 5566 --- [url-shortener] [main] c.j.u.UrlShortenerApplication            : Started UrlShortenerApplication in 2.421 seconds (process running for 2.639)
2026-06-30T13:14:54.616+03:00  INFO 5566 --- [url-shortener] [http-nio-8080-exec-1] o.a.c.c.C.[Tomcat].[localhost].[/]       : Initializing Spring DispatcherServlet 'dispatcherServlet'
2026-06-30T13:14:54.616+03:00  INFO 5566 --- [url-shortener] [http-nio-8080-exec-1] o.s.web.servlet.DispatcherServlet        : Initializing Servlet 'dispatcherServlet'
2026-06-30T13:14:54.617+03:00  INFO 5566 --- [url-shortener] [http-nio-8080-exec-1] o.s.web.servlet.DispatcherServlet        : Completed initialization in 1 ms
2026-06-30T13:15:21.898+03:00  INFO 5566 --- [url-shortener] [SpringApplicationShutdownHook] o.s.boot.tomcat.GracefulShutdown         : Commencing graceful shutdown. Waiting for active requests to complete
2026-06-30T13:15:21.905+03:00  INFO 5566 --- [url-shortener] [tomcat-shutdown] o.s.boot.tomcat.GracefulShutdown         : Graceful shutdown complete
2026-06-30T13:15:21.907+03:00  INFO 5566 --- [url-shortener] [SpringApplicationShutdownHook] j.LocalContainerEntityManagerFactoryBean : Closing JPA EntityManagerFactory for persistence unit 'default'
2026-06-30T13:15:21.909+03:00  INFO 5566 --- [url-shortener] [SpringApplicationShutdownHook] com.zaxxer.hikari.HikariDataSource       : HikariPool-1 - Shutdown initiated...
2026-06-30T13:15:21.914+03:00  INFO 5566 --- [url-shortener] [SpringApplicationShutdownHook] com.zaxxer.hikari.HikariDataSource       : HikariPool-1 - Shutdown completed.
